// Vitest Snapshot v1, https://vitest.dev/guide/snapshot.html

exports[`Delimiter block test > Should parse delimiter block 1`] = `
<div>
  <section
    class="grid my-8"
  >
    <hr
      class="w-1/3 justify-self-center"
    />
  </section>
</div>
`;
