// Vitest Snapshot v1, https://vitest.dev/guide/snapshot.html

exports[`Header block tests > Should parse header block 1`] = `
<div>
  <h1>
    test
  </h1>
</div>
`;
