// Vitest Snapshot v1, https://vitest.dev/guide/snapshot.html

exports[`Raw html parsing > Should parse raw html parsing 1`] = `
<div>
  <h1>
    Test
  </h1>
  <section>
    <p>
      Test1
    </p>
    <p>
      Test2
    </p>
  </section>
</div>
`;
